============================= test session starts =============================
platform win32 -- Python 3.11.9, pytest-9.0.2, pluggy-1.6.0
rootdir: I:\WorkSpace\novel-agent
configfile: pytest.ini
plugins: anyio-4.12.1, xdist-3.8.0
collected 27 items

tests\test_01_ideation.py ..                                             [  7%]
tests\test_02_outline.py ..                                              [ 14%]
tests\test_03_bible.py ..                                                [ 22%]
tests\test_04_drafting.py .....................                          [100%]

============================= 27 passed in 0.08s ==============================
